wrote 171 generated docs to /scanout/corpus
pushdiff docs: 19 (filter=enc-)
=== summary ===
DIFF  corpus/enc-bom-be-only.xml mode=b1
DIFF  corpus/enc-bom-be-only.xml mode=b2
DIFF  corpus/enc-bom-be-only.xml mode=b3
DIFF  corpus/enc-bom-be-only.xml mode=b5
DIFF  corpus/enc-bom-be-only.xml mode=b7
DIFF  corpus/enc-bom-be-only.xml mode=b16
DIFF  corpus/enc-bom-be-only.xml mode=b257
DIFF  corpus/enc-bom-be-only.xml mode=r3
DIFF  corpus/enc-bom-be-only.xml mode=r9
DIFF  corpus/enc-bom-be-only.xml mode=r77
DIFF  corpus/enc-bom-be-only.xml mode=Cb1
DIFF  corpus/enc-bom-be-only.xml mode=Cb5
DIFF  corpus/enc-bom-be-only.xml mode=Cb12
DIFF  corpus/enc-bom-be-only.xml mode=Cb257
DIFF  corpus/enc-bom-be-only.xml mode=Cr9
DIFF  corpus/enc-bom-be-only.xml mode=b1z2
DIFF  corpus/enc-bom-be-only.xml mode=sax1/b1
DIFF  corpus/enc-bom-be-only.xml mode=sax1/b5
DIFF  corpus/enc-bom-be-only.xml mode=sax1/r9
DIFF  corpus/enc-bom-le-half.xml mode=b1
DIFF  corpus/enc-bom-le-half.xml mode=b2
DIFF  corpus/enc-bom-le-half.xml mode=b3
DIFF  corpus/enc-bom-le-half.xml mode=b5
DIFF  corpus/enc-bom-le-half.xml mode=b7
DIFF  corpus/enc-bom-le-half.xml mode=b16
DIFF  corpus/enc-bom-le-half.xml mode=b257
DIFF  corpus/enc-bom-le-half.xml mode=r3
DIFF  corpus/enc-bom-le-half.xml mode=r9
DIFF  corpus/enc-bom-le-half.xml mode=r77
DIFF  corpus/enc-bom-le-half.xml mode=Cb1
DIFF  corpus/enc-bom-le-half.xml mode=Cb5
DIFF  corpus/enc-bom-le-half.xml mode=Cb12
DIFF  corpus/enc-bom-le-half.xml mode=Cb257
DIFF  corpus/enc-bom-le-half.xml mode=Cr9
DIFF  corpus/enc-bom-le-half.xml mode=b1z2
DIFF  corpus/enc-bom-le-half.xml mode=sax1/b1
DIFF  corpus/enc-bom-le-half.xml mode=sax1/b5
DIFF  corpus/enc-bom-le-half.xml mode=sax1/r9
DIFF  corpus/enc-bom-le-only.xml mode=b1
DIFF  corpus/enc-bom-le-only.xml mode=b2
DIFF  corpus/enc-bom-le-only.xml mode=b3
DIFF  corpus/enc-bom-le-only.xml mode=b5
DIFF  corpus/enc-bom-le-only.xml mode=b7
DIFF  corpus/enc-bom-le-only.xml mode=b16
DIFF  corpus/enc-bom-le-only.xml mode=b257
DIFF  corpus/enc-bom-le-only.xml mode=r3
DIFF  corpus/enc-bom-le-only.xml mode=r9
DIFF  corpus/enc-bom-le-only.xml mode=r77
DIFF  corpus/enc-bom-le-only.xml mode=Cb1
DIFF  corpus/enc-bom-le-only.xml mode=Cb5
DIFF  corpus/enc-bom-le-only.xml mode=Cb12
DIFF  corpus/enc-bom-le-only.xml mode=Cb257
DIFF  corpus/enc-bom-le-only.xml mode=Cr9
DIFF  corpus/enc-bom-le-only.xml mode=b1z2
DIFF  corpus/enc-bom-le-only.xml mode=sax1/b1
DIFF  corpus/enc-bom-le-only.xml mode=sax1/b5
DIFF  corpus/enc-bom-le-only.xml mode=sax1/r9
DIFF  corpus/enc-ebcdic-long.xml mode=b1
DIFF  corpus/enc-ebcdic-long.xml mode=b2
DIFF  corpus/enc-ebcdic-long.xml mode=b5
DIFF  corpus/enc-ebcdic-long.xml mode=b64
DIFF  corpus/enc-ebcdic-long.xml mode=b257
DIFF  corpus/enc-ebcdic-long.xml mode=r1
DIFF  corpus/enc-ebcdic-long.xml mode=r42
DIFF  corpus/enc-ebcdic-long.xml mode=Cb5
DIFF  corpus/enc-ebcdic-long.xml mode=Cr42
DIFF  corpus/enc-ebcdic-long.xml mode=b64z2
DIFF  corpus/enc-ebcdic-long.xml mode=sax1/b1
DIFF  corpus/enc-ebcdic-long.xml mode=sax1/b5
DIFF  corpus/enc-ebcdic-long.xml mode=sax1/r9
DIFF  corpus/enc-ebcdic.xml mode=b1
DIFF  corpus/enc-ebcdic.xml mode=b2
DIFF  corpus/enc-ebcdic.xml mode=b3
DIFF  corpus/enc-ebcdic.xml mode=b5
DIFF  corpus/enc-ebcdic.xml mode=b7
DIFF  corpus/enc-ebcdic.xml mode=b16
DIFF  corpus/enc-ebcdic.xml mode=b257
DIFF  corpus/enc-ebcdic.xml mode=r3
DIFF  corpus/enc-ebcdic.xml mode=r9
DIFF  corpus/enc-ebcdic.xml mode=r77
DIFF  corpus/enc-ebcdic.xml mode=Cb1
DIFF  corpus/enc-ebcdic.xml mode=Cb5
DIFF  corpus/enc-ebcdic.xml mode=Cb12
DIFF  corpus/enc-ebcdic.xml mode=Cb257
DIFF  corpus/enc-ebcdic.xml mode=Cr9
DIFF  corpus/enc-ebcdic.xml mode=b1z2
DIFF  corpus/enc-ebcdic.xml mode=sax1/b1
DIFF  corpus/enc-ebcdic.xml mode=sax1/b5
DIFF  corpus/enc-ebcdic.xml mode=sax1/r9
DIFF  corpus/enc-utf16be-bom.xml mode=b1
DIFF  corpus/enc-utf16be-bom.xml mode=b2
DIFF  corpus/enc-utf16be-bom.xml mode=b3
DIFF  corpus/enc-utf16be-bom.xml mode=b5
DIFF  corpus/enc-utf16be-bom.xml mode=b7
DIFF  corpus/enc-utf16be-bom.xml mode=b16
DIFF  corpus/enc-utf16be-bom.xml mode=b257
DIFF  corpus/enc-utf16be-bom.xml mode=r3
DIFF  corpus/enc-utf16be-bom.xml mode=r9
DIFF  corpus/enc-utf16be-bom.xml mode=r77
DIFF  corpus/enc-utf16be-bom.xml mode=Cb1
DIFF  corpus/enc-utf16be-bom.xml mode=Cb5
DIFF  corpus/enc-utf16be-bom.xml mode=Cb12
DIFF  corpus/enc-utf16be-bom.xml mode=Cb257
DIFF  corpus/enc-utf16be-bom.xml mode=Cr9
DIFF  corpus/enc-utf16be-bom.xml mode=b1z2
DIFF  corpus/enc-utf16be-bom.xml mode=sax1/b1
DIFF  corpus/enc-utf16be-bom.xml mode=sax1/b5
DIFF  corpus/enc-utf16be-bom.xml mode=sax1/r9
DIFF  corpus/enc-utf16be-half-end.xml mode=b1
DIFF  corpus/enc-utf16be-half-end.xml mode=b2
DIFF  corpus/enc-utf16be-half-end.xml mode=b3
DIFF  corpus/enc-utf16be-half-end.xml mode=b5
DIFF  corpus/enc-utf16be-half-end.xml mode=b7
DIFF  corpus/enc-utf16be-half-end.xml mode=b16
DIFF  corpus/enc-utf16be-half-end.xml mode=b257
DIFF  corpus/enc-utf16be-half-end.xml mode=r3
DIFF  corpus/enc-utf16be-half-end.xml mode=r9
DIFF  corpus/enc-utf16be-half-end.xml mode=r77
DIFF  corpus/enc-utf16be-half-end.xml mode=Cb1
DIFF  corpus/enc-utf16be-half-end.xml mode=Cb5
DIFF  corpus/enc-utf16be-half-end.xml mode=Cb12
DIFF  corpus/enc-utf16be-half-end.xml mode=Cb257
DIFF  corpus/enc-utf16be-half-end.xml mode=Cr9
DIFF  corpus/enc-utf16be-half-end.xml mode=b1z2
DIFF  corpus/enc-utf16be-half-end.xml mode=sax1/b1
DIFF  corpus/enc-utf16be-half-end.xml mode=sax1/b5
DIFF  corpus/enc-utf16be-half-end.xml mode=sax1/r9
DIFF  corpus/enc-utf16be-half-unit-only.xml mode=b1
DIFF  corpus/enc-utf16be-half-unit-only.xml mode=b2
DIFF  corpus/enc-utf16be-half-unit-only.xml mode=b3
DIFF  corpus/enc-utf16be-half-unit-only.xml mode=b5
DIFF  corpus/enc-utf16be-half-unit-only.xml mode=b7
DIFF  corpus/enc-utf16be-half-unit-only.xml mode=b16
DIFF  corpus/enc-utf16be-half-unit-only.xml mode=b257
DIFF  corpus/enc-utf16be-half-unit-only.xml mode=r3
DIFF  corpus/enc-utf16be-half-unit-only.xml mode=r9
DIFF  corpus/enc-utf16be-half-unit-only.xml mode=r77
DIFF  corpus/enc-utf16be-half-unit-only.xml mode=Cb1
DIFF  corpus/enc-utf16be-half-unit-only.xml mode=Cb5
DIFF  corpus/enc-utf16be-half-unit-only.xml mode=Cb12
DIFF  corpus/enc-utf16be-half-unit-only.xml mode=Cb257
DIFF  corpus/enc-utf16be-half-unit-only.xml mode=Cr9
DIFF  corpus/enc-utf16be-half-unit-only.xml mode=b1z2
DIFF  corpus/enc-utf16be-half-unit-only.xml mode=sax1/b1
DIFF  corpus/enc-utf16be-half-unit-only.xml mode=sax1/b5
DIFF  corpus/enc-utf16be-half-unit-only.xml mode=sax1/r9
DIFF  corpus/enc-utf16be-nobom.xml mode=b1
DIFF  corpus/enc-utf16be-nobom.xml mode=b2
DIFF  corpus/enc-utf16be-nobom.xml mode=b3
DIFF  corpus/enc-utf16be-nobom.xml mode=b5
DIFF  corpus/enc-utf16be-nobom.xml mode=b7
DIFF  corpus/enc-utf16be-nobom.xml mode=b16
DIFF  corpus/enc-utf16be-nobom.xml mode=b257
DIFF  corpus/enc-utf16be-nobom.xml mode=r3
DIFF  corpus/enc-utf16be-nobom.xml mode=r9
DIFF  corpus/enc-utf16be-nobom.xml mode=r77
DIFF  corpus/enc-utf16be-nobom.xml mode=Cb1
DIFF  corpus/enc-utf16be-nobom.xml mode=Cb5
DIFF  corpus/enc-utf16be-nobom.xml mode=Cb12
DIFF  corpus/enc-utf16be-nobom.xml mode=Cb257
DIFF  corpus/enc-utf16be-nobom.xml mode=Cr9
DIFF  corpus/enc-utf16be-nobom.xml mode=b1z2
DIFF  corpus/enc-utf16be-nobom.xml mode=sax1/b1
DIFF  corpus/enc-utf16be-nobom.xml mode=sax1/b5
DIFF  corpus/enc-utf16be-nobom.xml mode=sax1/r9
DIFF  corpus/enc-utf16be-surrogate.xml mode=b1
DIFF  corpus/enc-utf16be-surrogate.xml mode=b2
DIFF  corpus/enc-utf16be-surrogate.xml mode=b3
DIFF  corpus/enc-utf16be-surrogate.xml mode=b5
DIFF  corpus/enc-utf16be-surrogate.xml mode=b7
DIFF  corpus/enc-utf16be-surrogate.xml mode=b16
DIFF  corpus/enc-utf16be-surrogate.xml mode=b257
DIFF  corpus/enc-utf16be-surrogate.xml mode=r3
DIFF  corpus/enc-utf16be-surrogate.xml mode=r9
DIFF  corpus/enc-utf16be-surrogate.xml mode=r77
DIFF  corpus/enc-utf16be-surrogate.xml mode=Cb1
DIFF  corpus/enc-utf16be-surrogate.xml mode=Cb5
DIFF  corpus/enc-utf16be-surrogate.xml mode=Cb12
DIFF  corpus/enc-utf16be-surrogate.xml mode=Cb257
DIFF  corpus/enc-utf16be-surrogate.xml mode=Cr9
DIFF  corpus/enc-utf16be-surrogate.xml mode=b1z2
DIFF  corpus/enc-utf16be-surrogate.xml mode=sax1/b1
DIFF  corpus/enc-utf16be-surrogate.xml mode=sax1/b5
DIFF  corpus/enc-utf16be-surrogate.xml mode=sax1/r9
DIFF  corpus/enc-utf16le-bom.xml mode=b1
DIFF  corpus/enc-utf16le-bom.xml mode=b2
DIFF  corpus/enc-utf16le-bom.xml mode=b3
DIFF  corpus/enc-utf16le-bom.xml mode=b5
DIFF  corpus/enc-utf16le-bom.xml mode=b7
DIFF  corpus/enc-utf16le-bom.xml mode=b16
DIFF  corpus/enc-utf16le-bom.xml mode=b257
DIFF  corpus/enc-utf16le-bom.xml mode=r3
DIFF  corpus/enc-utf16le-bom.xml mode=r9
DIFF  corpus/enc-utf16le-bom.xml mode=r77
DIFF  corpus/enc-utf16le-bom.xml mode=Cb1
DIFF  corpus/enc-utf16le-bom.xml mode=Cb5
DIFF  corpus/enc-utf16le-bom.xml mode=Cb12
DIFF  corpus/enc-utf16le-bom.xml mode=Cb257
DIFF  corpus/enc-utf16le-bom.xml mode=Cr9
DIFF  corpus/enc-utf16le-bom.xml mode=b1z2
DIFF  corpus/enc-utf16le-bom.xml mode=sax1/b1
DIFF  corpus/enc-utf16le-bom.xml mode=sax1/b5
DIFF  corpus/enc-utf16le-bom.xml mode=sax1/r9
DIFF  corpus/enc-utf16le-half-end.xml mode=b1
DIFF  corpus/enc-utf16le-half-end.xml mode=b2
DIFF  corpus/enc-utf16le-half-end.xml mode=b3
DIFF  corpus/enc-utf16le-half-end.xml mode=b5
DIFF  corpus/enc-utf16le-half-end.xml mode=b7
DIFF  corpus/enc-utf16le-half-end.xml mode=b16
DIFF  corpus/enc-utf16le-half-end.xml mode=b257
DIFF  corpus/enc-utf16le-half-end.xml mode=r3
DIFF  corpus/enc-utf16le-half-end.xml mode=r9
DIFF  corpus/enc-utf16le-half-end.xml mode=r77
DIFF  corpus/enc-utf16le-half-end.xml mode=Cb1
DIFF  corpus/enc-utf16le-half-end.xml mode=Cb5
DIFF  corpus/enc-utf16le-half-end.xml mode=Cb12
DIFF  corpus/enc-utf16le-half-end.xml mode=Cb257
DIFF  corpus/enc-utf16le-half-end.xml mode=Cr9
DIFF  corpus/enc-utf16le-half-end.xml mode=b1z2
DIFF  corpus/enc-utf16le-half-end.xml mode=sax1/b1
DIFF  corpus/enc-utf16le-half-end.xml mode=sax1/b5
DIFF  corpus/enc-utf16le-half-end.xml mode=sax1/r9
DIFF  corpus/enc-utf16le-half-unit-only.xml mode=b1
DIFF  corpus/enc-utf16le-half-unit-only.xml mode=b2
DIFF  corpus/enc-utf16le-half-unit-only.xml mode=b3
DIFF  corpus/enc-utf16le-half-unit-only.xml mode=b5
DIFF  corpus/enc-utf16le-half-unit-only.xml mode=b7
DIFF  corpus/enc-utf16le-half-unit-only.xml mode=b16
DIFF  corpus/enc-utf16le-half-unit-only.xml mode=b257
DIFF  corpus/enc-utf16le-half-unit-only.xml mode=r3
DIFF  corpus/enc-utf16le-half-unit-only.xml mode=r9
DIFF  corpus/enc-utf16le-half-unit-only.xml mode=r77
DIFF  corpus/enc-utf16le-half-unit-only.xml mode=Cb1
DIFF  corpus/enc-utf16le-half-unit-only.xml mode=Cb5
DIFF  corpus/enc-utf16le-half-unit-only.xml mode=Cb12
DIFF  corpus/enc-utf16le-half-unit-only.xml mode=Cb257
DIFF  corpus/enc-utf16le-half-unit-only.xml mode=Cr9
DIFF  corpus/enc-utf16le-half-unit-only.xml mode=b1z2
DIFF  corpus/enc-utf16le-half-unit-only.xml mode=sax1/b1
DIFF  corpus/enc-utf16le-half-unit-only.xml mode=sax1/b5
DIFF  corpus/enc-utf16le-half-unit-only.xml mode=sax1/r9
DIFF  corpus/enc-utf16le-nobom.xml mode=b1
DIFF  corpus/enc-utf16le-nobom.xml mode=b2
DIFF  corpus/enc-utf16le-nobom.xml mode=b3
DIFF  corpus/enc-utf16le-nobom.xml mode=b5
DIFF  corpus/enc-utf16le-nobom.xml mode=b7
DIFF  corpus/enc-utf16le-nobom.xml mode=b16
DIFF  corpus/enc-utf16le-nobom.xml mode=b257
DIFF  corpus/enc-utf16le-nobom.xml mode=r3
DIFF  corpus/enc-utf16le-nobom.xml mode=r9
DIFF  corpus/enc-utf16le-nobom.xml mode=r77
DIFF  corpus/enc-utf16le-nobom.xml mode=Cb1
DIFF  corpus/enc-utf16le-nobom.xml mode=Cb5
DIFF  corpus/enc-utf16le-nobom.xml mode=Cb12
DIFF  corpus/enc-utf16le-nobom.xml mode=Cb257
DIFF  corpus/enc-utf16le-nobom.xml mode=Cr9
DIFF  corpus/enc-utf16le-nobom.xml mode=b1z2
DIFF  corpus/enc-utf16le-nobom.xml mode=sax1/b1
DIFF  corpus/enc-utf16le-nobom.xml mode=sax1/b5
DIFF  corpus/enc-utf16le-nobom.xml mode=sax1/r9
DIFF  corpus/enc-utf16le-surrogate.xml mode=b1
DIFF  corpus/enc-utf16le-surrogate.xml mode=b2
DIFF  corpus/enc-utf16le-surrogate.xml mode=b3
DIFF  corpus/enc-utf16le-surrogate.xml mode=b5
DIFF  corpus/enc-utf16le-surrogate.xml mode=b7
DIFF  corpus/enc-utf16le-surrogate.xml mode=b16
DIFF  corpus/enc-utf16le-surrogate.xml mode=b257
DIFF  corpus/enc-utf16le-surrogate.xml mode=r3
DIFF  corpus/enc-utf16le-surrogate.xml mode=r9
DIFF  corpus/enc-utf16le-surrogate.xml mode=r77
DIFF  corpus/enc-utf16le-surrogate.xml mode=Cb1
DIFF  corpus/enc-utf16le-surrogate.xml mode=Cb5
DIFF  corpus/enc-utf16le-surrogate.xml mode=Cb12
DIFF  corpus/enc-utf16le-surrogate.xml mode=Cb257
DIFF  corpus/enc-utf16le-surrogate.xml mode=Cr9
DIFF  corpus/enc-utf16le-surrogate.xml mode=b1z2
DIFF  corpus/enc-utf16le-surrogate.xml mode=sax1/b1
DIFF  corpus/enc-utf16le-surrogate.xml mode=sax1/b5
DIFF  corpus/enc-utf16le-surrogate.xml mode=sax1/r9
DIFF  corpus/enc-utf32be-bom.xml mode=b1
DIFF  corpus/enc-utf32be-bom.xml mode=b2
DIFF  corpus/enc-utf32be-bom.xml mode=b3
DIFF  corpus/enc-utf32be-bom.xml mode=b5
DIFF  corpus/enc-utf32be-bom.xml mode=b7
DIFF  corpus/enc-utf32be-bom.xml mode=b16
DIFF  corpus/enc-utf32be-bom.xml mode=b257
DIFF  corpus/enc-utf32be-bom.xml mode=r3
DIFF  corpus/enc-utf32be-bom.xml mode=r9
DIFF  corpus/enc-utf32be-bom.xml mode=r77
DIFF  corpus/enc-utf32be-bom.xml mode=Cb1
DIFF  corpus/enc-utf32be-bom.xml mode=Cb5
DIFF  corpus/enc-utf32be-bom.xml mode=Cb12
DIFF  corpus/enc-utf32be-bom.xml mode=Cb257
DIFF  corpus/enc-utf32be-bom.xml mode=Cr9
DIFF  corpus/enc-utf32be-bom.xml mode=b1z2
DIFF  corpus/enc-utf32be-bom.xml mode=sax1/b1
DIFF  corpus/enc-utf32be-bom.xml mode=sax1/b5
DIFF  corpus/enc-utf32be-bom.xml mode=sax1/r9
DIFF  corpus/enc-utf32be-nobom.xml mode=b1
DIFF  corpus/enc-utf32be-nobom.xml mode=b2
DIFF  corpus/enc-utf32be-nobom.xml mode=b3
DIFF  corpus/enc-utf32be-nobom.xml mode=b5
DIFF  corpus/enc-utf32be-nobom.xml mode=b7
DIFF  corpus/enc-utf32be-nobom.xml mode=b16
DIFF  corpus/enc-utf32be-nobom.xml mode=b257
DIFF  corpus/enc-utf32be-nobom.xml mode=r3
DIFF  corpus/enc-utf32be-nobom.xml mode=r9
DIFF  corpus/enc-utf32be-nobom.xml mode=r77
DIFF  corpus/enc-utf32be-nobom.xml mode=Cb1
DIFF  corpus/enc-utf32be-nobom.xml mode=Cb5
DIFF  corpus/enc-utf32be-nobom.xml mode=Cb12
DIFF  corpus/enc-utf32be-nobom.xml mode=Cb257
DIFF  corpus/enc-utf32be-nobom.xml mode=Cr9
DIFF  corpus/enc-utf32be-nobom.xml mode=b1z2
DIFF  corpus/enc-utf32be-nobom.xml mode=sax1/b1
DIFF  corpus/enc-utf32be-nobom.xml mode=sax1/b5
DIFF  corpus/enc-utf32be-nobom.xml mode=sax1/r9
DIFF  corpus/enc-utf32le-bom.xml mode=b1
DIFF  corpus/enc-utf32le-bom.xml mode=b2
DIFF  corpus/enc-utf32le-bom.xml mode=b3
DIFF  corpus/enc-utf32le-bom.xml mode=b5
DIFF  corpus/enc-utf32le-bom.xml mode=b7
DIFF  corpus/enc-utf32le-bom.xml mode=b16
DIFF  corpus/enc-utf32le-bom.xml mode=b257
DIFF  corpus/enc-utf32le-bom.xml mode=r3
DIFF  corpus/enc-utf32le-bom.xml mode=r9
DIFF  corpus/enc-utf32le-bom.xml mode=r77
DIFF  corpus/enc-utf32le-bom.xml mode=Cb1
DIFF  corpus/enc-utf32le-bom.xml mode=Cb5
DIFF  corpus/enc-utf32le-bom.xml mode=Cb12
DIFF  corpus/enc-utf32le-bom.xml mode=Cb257
DIFF  corpus/enc-utf32le-bom.xml mode=Cr9
DIFF  corpus/enc-utf32le-bom.xml mode=b1z2
DIFF  corpus/enc-utf32le-bom.xml mode=sax1/b1
DIFF  corpus/enc-utf32le-bom.xml mode=sax1/b5
DIFF  corpus/enc-utf32le-bom.xml mode=sax1/r9
DIFF  corpus/enc-utf32le-nobom.xml mode=b1
DIFF  corpus/enc-utf32le-nobom.xml mode=b2
DIFF  corpus/enc-utf32le-nobom.xml mode=b3
DIFF  corpus/enc-utf32le-nobom.xml mode=b5
DIFF  corpus/enc-utf32le-nobom.xml mode=b7
DIFF  corpus/enc-utf32le-nobom.xml mode=b16
DIFF  corpus/enc-utf32le-nobom.xml mode=b257
DIFF  corpus/enc-utf32le-nobom.xml mode=r3
DIFF  corpus/enc-utf32le-nobom.xml mode=r9
DIFF  corpus/enc-utf32le-nobom.xml mode=r77
DIFF  corpus/enc-utf32le-nobom.xml mode=Cb1
DIFF  corpus/enc-utf32le-nobom.xml mode=Cb5
DIFF  corpus/enc-utf32le-nobom.xml mode=Cb12
DIFF  corpus/enc-utf32le-nobom.xml mode=Cb257
DIFF  corpus/enc-utf32le-nobom.xml mode=Cr9
DIFF  corpus/enc-utf32le-nobom.xml mode=b1z2
DIFF  corpus/enc-utf32le-nobom.xml mode=sax1/b1
DIFF  corpus/enc-utf32le-nobom.xml mode=sax1/b5
DIFF  corpus/enc-utf32le-nobom.xml mode=sax1/r9
cells=355 diffs=355
PUSHDIFF: 355/355 cells diverge (see diffs/)
