1234567.891
0.3
0.333333333333333
1e+20
0.00001
1.23456789012346e+29
1e+100
-1e+100
1.5e-100
1000000000
1000000000
0.00001
9.99e-06
2147483646
2.147483648e+09
-2147483647
-2.147483649e+09
123456789.123457
0.000123456789
0.5
0.142857142857143
2.675
3.141592653589793
0
0
0.3
2.2250738585072e-308
0
1e+20
0.333333333333333
0.666666666666667
0.7
0.285714285714286
-1.5
Infinity
-Infinity
NaN
1.79769313486232e+308
-1.79769313486232e+308
0
0.00001
9.9999e-06
1.0000000000001e+09
2.147483647e+09
-2.147483648e+09
9.99999999999999e+14
0.25
0.125
3.14
-3.14
1234567.891
NaN
0
0.123456789012346
12.5
NaN
NaN
0.5
5
5
0.5
0
0
Infinity
NaN
