wrote 183 generated docs to /scanout/corpus
pushdiff docs: 257
=== summary ===
DIFF  corpus/attr-nospaces.xml mode=sax1/b1
DIFF  corpus/attr-nospaces.xml mode=sax1/b5
DIFF  corpus/attr-nospaces.xml mode=sax1/r9
DIFF  corpus/bom.xml mode=Cb5
DIFF  corpus/bom.xml mode=Cb12
DIFF  corpus/bom.xml mode=Cb257
DIFF  corpus/bom.xml mode=Cr9
DIFF  corpus/cr-cr-final.xml mode=sax1/b1
DIFF  corpus/cr-cr-final.xml mode=sax1/b5
DIFF  corpus/cr-cr-final.xml mode=sax1/r9
DIFF  corpus/doctype-entity-param.xml mode=b1
DIFF  corpus/doctype-entity-param.xml mode=b2
DIFF  corpus/doctype-entity-param.xml mode=b3
DIFF  corpus/doctype-entity-param.xml mode=b5
DIFF  corpus/doctype-entity-param.xml mode=b7
DIFF  corpus/doctype-entity-param.xml mode=b16
DIFF  corpus/doctype-entity-param.xml mode=b257
DIFF  corpus/doctype-entity-param.xml mode=r3
DIFF  corpus/doctype-entity-param.xml mode=r9
DIFF  corpus/doctype-entity-param.xml mode=r77
DIFF  corpus/doctype-entity-param.xml mode=Cb1
DIFF  corpus/doctype-entity-param.xml mode=Cb5
DIFF  corpus/doctype-entity-param.xml mode=Cb12
DIFF  corpus/doctype-entity-param.xml mode=Cb257
DIFF  corpus/doctype-entity-param.xml mode=Cr9
DIFF  corpus/doctype-entity-param.xml mode=b1z2
DIFF  corpus/doctype-entity-param.xml mode=sax1/b1
DIFF  corpus/doctype-entity-param.xml mode=sax1/b5
DIFF  corpus/doctype-entity-param.xml mode=sax1/r9
DIFF  corpus/doctype-in-content.xml mode=sax1/b1
DIFF  corpus/doctype-in-content.xml mode=sax1/b5
DIFF  corpus/doctype-in-content.xml mode=sax1/r9
DIFF  corpus/doctype-trunc-cond.xml mode=b1
DIFF  corpus/doctype-trunc-cond.xml mode=b2
DIFF  corpus/doctype-trunc-cond.xml mode=b3
DIFF  corpus/doctype-trunc-cond.xml mode=b5
DIFF  corpus/doctype-trunc-cond.xml mode=b7
DIFF  corpus/doctype-trunc-cond.xml mode=b16
DIFF  corpus/doctype-trunc-cond.xml mode=b257
DIFF  corpus/doctype-trunc-cond.xml mode=r3
DIFF  corpus/doctype-trunc-cond.xml mode=r9
DIFF  corpus/doctype-trunc-cond.xml mode=r77
DIFF  corpus/doctype-trunc-cond.xml mode=Cb1
DIFF  corpus/doctype-trunc-cond.xml mode=Cb5
DIFF  corpus/doctype-trunc-cond.xml mode=Cb12
DIFF  corpus/doctype-trunc-cond.xml mode=Cb257
DIFF  corpus/doctype-trunc-cond.xml mode=Cr9
DIFF  corpus/doctype-trunc-cond.xml mode=b1z2
DIFF  corpus/doctype-trunc-cond.xml mode=sax1/b1
DIFF  corpus/doctype-trunc-cond.xml mode=sax1/b5
DIFF  corpus/doctype-trunc-cond.xml mode=sax1/r9
DIFF  corpus/doctype-two.xml mode=sax1/b1
DIFF  corpus/doctype-two.xml mode=sax1/b5
DIFF  corpus/doctype-two.xml mode=sax1/r9
DIFF  corpus/enc-shift_jis-half.xml mode=sax1/b1
DIFF  corpus/enc-shift_jis-half.xml mode=sax1/b5
DIFF  corpus/enc-shift_jis-half.xml mode=sax1/r9
DIFF  corpus/enc-ucs2-half-unit-only.xml mode=b1
DIFF  corpus/enc-ucs2-half-unit-only.xml mode=b2
DIFF  corpus/enc-ucs2-half-unit-only.xml mode=b3
DIFF  corpus/enc-ucs2-half-unit-only.xml mode=b5
DIFF  corpus/enc-ucs2-half-unit-only.xml mode=b7
DIFF  corpus/enc-ucs2-half-unit-only.xml mode=b16
DIFF  corpus/enc-ucs2-half-unit-only.xml mode=b257
DIFF  corpus/enc-ucs2-half-unit-only.xml mode=r3
DIFF  corpus/enc-ucs2-half-unit-only.xml mode=r9
DIFF  corpus/enc-ucs2-half-unit-only.xml mode=r77
DIFF  corpus/enc-ucs2-half-unit-only.xml mode=Cb1
DIFF  corpus/enc-ucs2-half-unit-only.xml mode=Cb5
DIFF  corpus/enc-ucs2-half-unit-only.xml mode=Cb12
DIFF  corpus/enc-ucs2-half-unit-only.xml mode=Cb257
DIFF  corpus/enc-ucs2-half-unit-only.xml mode=Cr9
DIFF  corpus/enc-ucs2-half-unit-only.xml mode=b1z2
DIFF  corpus/enc-ucs2-half-unit-only.xml mode=sax1/b1
DIFF  corpus/enc-ucs2-half-unit-only.xml mode=sax1/b5
DIFF  corpus/enc-ucs2-half-unit-only.xml mode=sax1/r9
DIFF  corpus/enc-ucs2-half.xml mode=b1
DIFF  corpus/enc-ucs2-half.xml mode=b2
DIFF  corpus/enc-ucs2-half.xml mode=b3
DIFF  corpus/enc-ucs2-half.xml mode=b5
DIFF  corpus/enc-ucs2-half.xml mode=b7
DIFF  corpus/enc-ucs2-half.xml mode=b16
DIFF  corpus/enc-ucs2-half.xml mode=b257
DIFF  corpus/enc-ucs2-half.xml mode=r3
DIFF  corpus/enc-ucs2-half.xml mode=r9
DIFF  corpus/enc-ucs2-half.xml mode=r77
DIFF  corpus/enc-ucs2-half.xml mode=Cb1
DIFF  corpus/enc-ucs2-half.xml mode=Cb5
DIFF  corpus/enc-ucs2-half.xml mode=Cb12
DIFF  corpus/enc-ucs2-half.xml mode=Cb257
DIFF  corpus/enc-ucs2-half.xml mode=Cr9
DIFF  corpus/enc-ucs2-half.xml mode=b1z2
DIFF  corpus/enc-ucs2-half.xml mode=sax1/b1
DIFF  corpus/enc-ucs2-half.xml mode=sax1/b5
DIFF  corpus/enc-ucs2-half.xml mode=sax1/r9
DIFF  corpus/enc-ucs2.xml mode=b1
DIFF  corpus/enc-ucs2.xml mode=b2
DIFF  corpus/enc-ucs2.xml mode=b3
DIFF  corpus/enc-ucs2.xml mode=b5
DIFF  corpus/enc-ucs2.xml mode=b7
DIFF  corpus/enc-ucs2.xml mode=b16
DIFF  corpus/enc-ucs2.xml mode=b257
DIFF  corpus/enc-ucs2.xml mode=r3
DIFF  corpus/enc-ucs2.xml mode=r9
DIFF  corpus/enc-ucs2.xml mode=r77
DIFF  corpus/enc-ucs2.xml mode=Cb1
DIFF  corpus/enc-ucs2.xml mode=Cb5
DIFF  corpus/enc-ucs2.xml mode=Cb12
DIFF  corpus/enc-ucs2.xml mode=Cb257
DIFF  corpus/enc-ucs2.xml mode=Cr9
DIFF  corpus/enc-ucs2.xml mode=b1z2
DIFF  corpus/enc-ucs2.xml mode=sax1/b1
DIFF  corpus/enc-ucs2.xml mode=sax1/b5
DIFF  corpus/enc-ucs2.xml mode=sax1/r9
DIFF  corpus/enc-utf16be-half-end.xml mode=sax1/b1
DIFF  corpus/enc-utf16be-half-end.xml mode=sax1/b5
DIFF  corpus/enc-utf16be-half-end.xml mode=sax1/r9
DIFF  corpus/enc-utf16le-half-end.xml mode=sax1/b1
DIFF  corpus/enc-utf16le-half-end.xml mode=sax1/b5
DIFF  corpus/enc-utf16le-half-end.xml mode=sax1/r9
DIFF  corpus/raw-high-name.xml mode=b1
DIFF  corpus/raw-high-name.xml mode=b2
DIFF  corpus/raw-high-name.xml mode=b3
DIFF  corpus/raw-high-name.xml mode=b5
DIFF  corpus/raw-high-name.xml mode=b7
DIFF  corpus/raw-high-name.xml mode=b16
DIFF  corpus/raw-high-name.xml mode=b257
DIFF  corpus/raw-high-name.xml mode=r3
DIFF  corpus/raw-high-name.xml mode=r9
DIFF  corpus/raw-high-name.xml mode=r77
DIFF  corpus/raw-high-name.xml mode=Cb1
DIFF  corpus/raw-high-name.xml mode=Cb5
DIFF  corpus/raw-high-name.xml mode=Cb12
DIFF  corpus/raw-high-name.xml mode=Cb257
DIFF  corpus/raw-high-name.xml mode=Cr9
DIFF  corpus/raw-high-name.xml mode=b1z2
DIFF  corpus/raw-high-name.xml mode=sax1/b1
DIFF  corpus/raw-high-name.xml mode=sax1/b5
DIFF  corpus/raw-high-name.xml mode=sax1/r9
DIFF  corpus/text-cr-end.xml mode=sax1/b1
DIFF  corpus/text-cr-end.xml mode=sax1/b5
DIFF  corpus/text-cr-end.xml mode=sax1/r9
DIFF  corpus/unclosed-root.xml mode=sax1/b1
DIFF  corpus/unclosed-root.xml mode=sax1/b5
DIFF  corpus/unclosed-root.xml mode=sax1/r9
DIFF  corpus/unclosed-root2.xml mode=sax1/b1
DIFF  corpus/unclosed-root2.xml mode=sax1/b5
DIFF  corpus/unclosed-root2.xml mode=sax1/r9
DIFF  /court/suites/phase14/sources/lxml/src/lxml/tests/c14n-20/inC14N4.xml mode=sax1/b1
DIFF  /court/suites/phase14/sources/lxml/src/lxml/tests/c14n-20/inC14N4.xml mode=sax1/b5
DIFF  /court/suites/phase14/sources/lxml/src/lxml/tests/c14n-20/inC14N4.xml mode=sax1/r9
DIFF  /court/suites/phase14/sources/lxml/src/lxml/tests/c14n-20/inC14N5.xml mode=b1
DIFF  /court/suites/phase14/sources/lxml/src/lxml/tests/c14n-20/inC14N5.xml mode=sax1/b1
DIFF  /court/suites/phase14/sources/nokogiri/test/files/staff.xml mode=b1
DIFF  /court/suites/phase14/sources/nokogiri/test/files/staff.xml mode=sax1/b1
DIFF  /court/suites/phase14/sources/nokogiri/test/files/staff.xml mode=sax1/b5
cells=4702 diffs=156
PUSHDIFF: 156/4702 cells diverge (see diffs/)
